// Jest Snapshot v1, https://goo.gl/fbAQLP

exports[`Map renders the containing div 1`] = `
<div>
  <div
    class="leaflet-container leaflet-grab leaflet-touch-drag"
    style="position: relative;"
    tabindex="0"
  >
    <div
      class="leaflet-pane leaflet-map-pane"
      style="left: 0px; top: 0px;"
    >
      <div
        class="leaflet-pane leaflet-tile-pane"
      />
      <div
        class="leaflet-pane leaflet-shadow-pane"
      />
      <div
        class="leaflet-pane leaflet-overlay-pane"
      />
      <div
        class="leaflet-pane leaflet-marker-pane"
      />
      <div
        class="leaflet-pane leaflet-tooltip-pane"
      />
      <div
        class="leaflet-pane leaflet-popup-pane"
      />
    </div>
    <div
      class="leaflet-control-container"
    >
      <div
        class="leaflet-top leaflet-left"
      >
        <div
          class="leaflet-control-zoom leaflet-bar leaflet-control"
        >
          <a
            aria-label="Zoom in"
            class="leaflet-control-zoom-in"
            href="#"
            role="button"
            title="Zoom in"
          >
            +
          </a>
          <a
            aria-label="Zoom out"
            class="leaflet-control-zoom-out"
            href="#"
            role="button"
            title="Zoom out"
          >
            −
          </a>
        </div>
      </div>
      <div
        class="leaflet-top leaflet-right"
      />
      <div
        class="leaflet-bottom leaflet-left"
      />
      <div
        class="leaflet-bottom leaflet-right"
      >
        <div
          class="leaflet-control-attribution leaflet-control"
        >
          <a
            href="https://leafletjs.com"
            title="A JS library for interactive maps"
          >
            Leaflet
          </a>
        </div>
      </div>
    </div>
  </div>
</div>
`;

exports[`Map updates the center 1`] = `
"Snapshot Diff:
- First value
+ Second value

@@ -22,11 +22,11 @@
              <img
                alt=\\"\\"
                class=\\"leaflet-tile\\"
                role=\\"presentation\\"
                src=\\"http://localhost\\"
-               style=\\"width: 256px; height: 256px; left: -172px; top: -150px;\\"
+               style=\\"width: 256px; height: 256px; left: -48px; top: -12px;\\"
              />
            </div>
          </div>
        </div>
        <div"
`;
